// Jest Snapshot v1, https://goo.gl/fbAQLP

exports[`seed seed.js 2`] = `Running seed from "prisma/seed.js" ...`;
